// Jest Snapshot v1, https://goo.gl/fbAQLP

exports[`<CardsProjects> should render CardsProjects 1`] = `
<div
  className="col-12 col-md-6 col-lg-4"
  key="1"
>
  <Card
    body={false}
    className="projetsCards m-5"
    style={
      Object {
        "minWidth": "18rem",
      }
    }
  >
    <CardHeader
      className="bg-dark cardhead"
    >
      <CardImg
        alt="Games-Catalog"
        className="img"
        src="dbz.png"
        variant="top"
      />
    </CardHeader>
    <CardBody
      className="text-center cardBody"
    >
      <CardTitle>
        Games-Catalog
      </CardTitle>
      <CardText>
        Site qui présente des consoles et des jeux vidéo, avec une partie admin pour la partie gestion des consoles et des jeux. Ce site a été réalisé en NextJS, Bootstrap et du CSS
      </CardText>
      <CardText>
        <span
          className="badge bg-secondary m-1"
          key="0"
        >
          NextJS
        </span>
        <span
          className="badge bg-secondary m-1"
          key="1"
        >
          Bootstrap
        </span>
        <span
          className="badge bg-secondary m-1"
          key="2"
        >
          CSS
        </span>
      </CardText>
    </CardBody>
    <CardFooter
      className="text-muted text-center"
    >
      <Link
        to="/detail/1"
      >
        <Button
          active={false}
          disabled={false}
          variant="secondary"
        >
          Details
        </Button>
      </Link>
    </CardFooter>
  </Card>
</div>
`;
