// Jest Snapshot v1, https://goo.gl/fbAQLP

exports[`<Loisirs> should render Loisirs Component 1`] = `
<section
  className="py-2"
  id="loisirs"
>
  <h2
    className="text-center h2Loisirs"
  >
    Mes Loisirs
  </h2>
  <div
    id="carouselContent"
  >
    <Carousel
      controls={true}
      defaultActiveIndex={0}
      fade={false}
      indicators={true}
      interval={5000}
      keyboard={true}
      nextIcon={
        <span
          aria-hidden="true"
          className="carousel-control-next-icon"
        />
      }
      nextLabel="Next"
      pause="hover"
      prevIcon={
        <span
          aria-hidden="true"
          className="carousel-control-prev-icon"
        />
      }
      prevLabel="Previous"
      slide={true}
      touch={true}
      wrap={true}
    >
      <CarouselItem
        key="1"
      >
        <div
          className="text-center p-4"
        >
          <p
            className="font-italic"
          >
            Programmation de robots via des cartes Arduino
          </p>
        </div>
        <CarouselCaption />
      </CarouselItem>
      <CarouselItem
        key="2"
      >
        <div
          className="text-center p-4"
        >
          <p
            className="font-italic"
          >
            Le Football, le Cyclisme et le Ski
          </p>
        </div>
        <CarouselCaption />
      </CarouselItem>
      <CarouselItem
        key="3"
      >
        <div
          className="text-center p-4"
        >
          <p
            className="font-italic"
          >
            Le Bricolage et le Jardinage
          </p>
        </div>
        <CarouselCaption />
      </CarouselItem>
      <CarouselItem
        key="4"
      >
        <div
          className="text-center p-4"
        >
          <p
            className="font-italic"
          >
            Les Jeux Vidéo
          </p>
        </div>
        <CarouselCaption />
      </CarouselItem>
      <CarouselItem
        key="5"
      >
        <div
          className="text-center p-4"
        >
          <p
            className="font-italic"
          >
            Passer du temps avec mes filles !
          </p>
        </div>
        <CarouselCaption />
      </CarouselItem>
      <CarouselItem
        key="6"
      >
        <div
          className="text-center p-4"
        >
          <p
            className="font-italic"
          >
            Réaliser des projets perso dans le but d'apprendre de nouvelles techno
          </p>
        </div>
        <CarouselCaption />
      </CarouselItem>
    </Carousel>
  </div>
</section>
`;
